kOps + Karpenter lab — scenario D: scheduling constraints
Generated:  2026-09-01T15:00:00Z
Watch:      5 seconds
Constraints: t3 / amd64 / us-west-2a / on-demand
==> Logging to /Users/eramadan/castai/labs/kops-karpenter/output/scenario-d.log
Context:    kops-karpenter-lab.k8s.local
==> Using kubectl context: kops-karpenter-lab.k8s.local
==> Deleting any previous constrained Deployment (idempotency)
E0901 18:00:00.696974   58511 memcache.go:265] "Unhandled Error" err="couldn't get current server API group list: Get \"https://api-kops-karpenter-lab-k8-83gssq-9033202e50c92f33.elb.us-west-2.amazonaws.com/api?timeout=32s\": dial tcp: lookup api-kops-karpenter-lab-k8-83gssq-9033202e50c92f33.elb.us-west-2.amazonaws.com: no such host"
E0901 18:00:00.696974   58511 memcache.go:265] "Unhandled Error" err="couldn't get current server API group list: Get \"https://api-kops-karpenter-lab-k8-83gssq-9033202e50c92f33.elb.us-west-2.amazonaws.com/api?timeout=32s\": dial tcp: lookup api-kops-karpenter-lab-k8-83gssq-9033202e50c92f33.elb.us-west-2.amazonaws.com: no such host"
E0901 18:00:00.697775   58511 memcache.go:265] "Unhandled Error" err="couldn't get current server API group list: Get \"https://api-kops-karpenter-lab-k8-83gssq-9033202e50c92f33.elb.us-west-2.amazonaws.com/api?timeout=32s\": dial tcp: lookup api-kops-karpenter-lab-k8-83gssq-9033202e50c92f33.elb.us-west-2.amazonaws.com: no such host"
E0901 18:00:00.697775   58511 memcache.go:265] "Unhandled Error" err="couldn't get current server API group list: Get \"https://api-kops-karpenter-lab-k8-83gssq-9033202e50c92f33.elb.us-west-2.amazonaws.com/api?timeout=32s\": dial tcp: lookup api-kops-karpenter-lab-k8-83gssq-9033202e50c92f33.elb.us-west-2.amazonaws.com: no such host"
E0901 18:00:00.699013   58511 memcache.go:265] "Unhandled Error" err="couldn't get current server API group list: Get \"https://api-kops-karpenter-lab-k8-83gssq-9033202e50c92f33.elb.us-west-2.amazonaws.com/api?timeout=32s\": dial tcp: lookup api-kops-karpenter-lab-k8-83gssq-9033202e50c92f33.elb.us-west-2.amazonaws.com: no such host"
E0901 18:00:00.699013   58511 memcache.go:265] "Unhandled Error" err="couldn't get current server API group list: Get \"https://api-kops-karpenter-lab-k8-83gssq-9033202e50c92f33.elb.us-west-2.amazonaws.com/api?timeout=32s\": dial tcp: lookup api-kops-karpenter-lab-k8-83gssq-9033202e50c92f33.elb.us-west-2.amazonaws.com: no such host"
E0901 18:00:00.699473   58511 memcache.go:265] "Unhandled Error" err="couldn't get current server API group list: Get \"https://api-kops-karpenter-lab-k8-83gssq-9033202e50c92f33.elb.us-west-2.amazonaws.com/api?timeout=32s\": dial tcp: lookup api-kops-karpenter-lab-k8-83gssq-9033202e50c92f33.elb.us-west-2.amazonaws.com: no such host"
E0901 18:00:00.699473   58511 memcache.go:265] "Unhandled Error" err="couldn't get current server API group list: Get \"https://api-kops-karpenter-lab-k8-83gssq-9033202e50c92f33.elb.us-west-2.amazonaws.com/api?timeout=32s\": dial tcp: lookup api-kops-karpenter-lab-k8-83gssq-9033202e50c92f33.elb.us-west-2.amazonaws.com: no such host"
E0901 18:00:00.700632   58511 memcache.go:265] "Unhandled Error" err="couldn't get current server API group list: Get \"https://api-kops-karpenter-lab-k8-83gssq-9033202e50c92f33.elb.us-west-2.amazonaws.com/api?timeout=32s\": dial tcp: lookup api-kops-karpenter-lab-k8-83gssq-9033202e50c92f33.elb.us-west-2.amazonaws.com: no such host"
E0901 18:00:00.700632   58511 memcache.go:265] "Unhandled Error" err="couldn't get current server API group list: Get \"https://api-kops-karpenter-lab-k8-83gssq-9033202e50c92f33.elb.us-west-2.amazonaws.com/api?timeout=32s\": dial tcp: lookup api-kops-karpenter-lab-k8-83gssq-9033202e50c92f33.elb.us-west-2.amazonaws.com: no such host"
Unable to connect to the server: dial tcp: lookup api-kops-karpenter-lab-k8-83gssq-9033202e50c92f33.elb.us-west-2.amazonaws.com: no such host
Unable to connect to the server: dial tcp: lookup api-kops-karpenter-lab-k8-83gssq-9033202e50c92f33.elb.us-west-2.amazonaws.com: no such host
==> Applying /var/folders/6f/d1t0_mk542lbwrztssz2rcdh0000gp/T/scenario-d-XXXXXX.yaml.vPIUL4SmzD
error: error validating "/var/folders/6f/d1t0_mk542lbwrztssz2rcdh0000gp/T/scenario-d-XXXXXX.yaml.vPIUL4SmzD": error validating data: failed to download openapi: Get "https://api-kops-karpenter-lab-k8-83gssq-9033202e50c92f33.elb.us-west-2.amazonaws.com/openapi/v2?timeout=32s": dial tcp: lookup api-kops-karpenter-lab-k8-83gssq-9033202e50c92f33.elb.us-west-2.amazonaws.com: no such host; if you choose to ignore these errors, turn validation off with --validate=false
error: error validating "/var/folders/6f/d1t0_mk542lbwrztssz2rcdh0000gp/T/scenario-d-XXXXXX.yaml.vPIUL4SmzD": error validating data: failed to download openapi: Get "https://api-kops-karpenter-lab-k8-83gssq-9033202e50c92f33.elb.us-west-2.amazonaws.com/openapi/v2?timeout=32s": dial tcp: lookup api-kops-karpenter-lab-k8-83gssq-9033202e50c92f33.elb.us-west-2.amazonaws.com: no such host; if you choose to ignore these errors, turn validation off with --validate=false
[!] kubectl apply failed; continuing so the log captures cluster state.

## Pre-watch snapshot
------------------------------------------------------------
E0901 18:00:00.774438   58521 memcache.go:265] "Unhandled Error" err="couldn't get current server API group list: Get \"https://api-kops-karpenter-lab-k8-83gssq-9033202e50c92f33.elb.us-west-2.amazonaws.com/api?timeout=32s\": dial tcp: lookup api-kops-karpenter-lab-k8-83gssq-9033202e50c92f33.elb.us-west-2.amazonaws.com: no such host"
E0901 18:00:00.775409   58521 memcache.go:265] "Unhandled Error" err="couldn't get current server API group list: Get \"https://api-kops-karpenter-lab-k8-83gssq-9033202e50c92f33.elb.us-west-2.amazonaws.com/api?timeout=32s\": dial tcp: lookup api-kops-karpenter-lab-k8-83gssq-9033202e50c92f33.elb.us-west-2.amazonaws.com: no such host"
E0901 18:00:00.775931   58521 memcache.go:265] "Unhandled Error" err="couldn't get current server API group list: Get \"https://api-kops-karpenter-lab-k8-83gssq-9033202e50c92f33.elb.us-west-2.amazonaws.com/api?timeout=32s\": dial tcp: lookup api-kops-karpenter-lab-k8-83gssq-9033202e50c92f33.elb.us-west-2.amazonaws.com: no such host"
E0901 18:00:00.777690   58521 memcache.go:265] "Unhandled Error" err="couldn't get current server API group list: Get \"https://api-kops-karpenter-lab-k8-83gssq-9033202e50c92f33.elb.us-west-2.amazonaws.com/api?timeout=32s\": dial tcp: lookup api-kops-karpenter-lab-k8-83gssq-9033202e50c92f33.elb.us-west-2.amazonaws.com: no such host"
E0901 18:00:00.778892   58521 memcache.go:265] "Unhandled Error" err="couldn't get current server API group list: Get \"https://api-kops-karpenter-lab-k8-83gssq-9033202e50c92f33.elb.us-west-2.amazonaws.com/api?timeout=32s\": dial tcp: lookup api-kops-karpenter-lab-k8-83gssq-9033202e50c92f33.elb.us-west-2.amazonaws.com: no such host"
Unable to connect to the server: dial tcp: lookup api-kops-karpenter-lab-k8-83gssq-9033202e50c92f33.elb.us-west-2.amazonaws.com: no such host
E0901 18:00:00.815633   58522 memcache.go:265] "Unhandled Error" err="couldn't get current server API group list: Get \"https://api-kops-karpenter-lab-k8-83gssq-9033202e50c92f33.elb.us-west-2.amazonaws.com/api?timeout=32s\": dial tcp: lookup api-kops-karpenter-lab-k8-83gssq-9033202e50c92f33.elb.us-west-2.amazonaws.com: no such host"
E0901 18:00:00.816174   58522 memcache.go:265] "Unhandled Error" err="couldn't get current server API group list: Get \"https://api-kops-karpenter-lab-k8-83gssq-9033202e50c92f33.elb.us-west-2.amazonaws.com/api?timeout=32s\": dial tcp: lookup api-kops-karpenter-lab-k8-83gssq-9033202e50c92f33.elb.us-west-2.amazonaws.com: no such host"
E0901 18:00:00.817238   58522 memcache.go:265] "Unhandled Error" err="couldn't get current server API group list: Get \"https://api-kops-karpenter-lab-k8-83gssq-9033202e50c92f33.elb.us-west-2.amazonaws.com/api?timeout=32s\": dial tcp: lookup api-kops-karpenter-lab-k8-83gssq-9033202e50c92f33.elb.us-west-2.amazonaws.com: no such host"
E0901 18:00:00.817664   58522 memcache.go:265] "Unhandled Error" err="couldn't get current server API group list: Get \"https://api-kops-karpenter-lab-k8-83gssq-9033202e50c92f33.elb.us-west-2.amazonaws.com/api?timeout=32s\": dial tcp: lookup api-kops-karpenter-lab-k8-83gssq-9033202e50c92f33.elb.us-west-2.amazonaws.com: no such host"
E0901 18:00:00.819800   58522 memcache.go:265] "Unhandled Error" err="couldn't get current server API group list: Get \"https://api-kops-karpenter-lab-k8-83gssq-9033202e50c92f33.elb.us-west-2.amazonaws.com/api?timeout=32s\": dial tcp: lookup api-kops-karpenter-lab-k8-83gssq-9033202e50c92f33.elb.us-west-2.amazonaws.com: no such host"
Unable to connect to the server: dial tcp: lookup api-kops-karpenter-lab-k8-83gssq-9033202e50c92f33.elb.us-west-2.amazonaws.com: no such host
E0901 18:00:00.858424   58525 memcache.go:265] "Unhandled Error" err="couldn't get current server API group list: Get \"https://api-kops-karpenter-lab-k8-83gssq-9033202e50c92f33.elb.us-west-2.amazonaws.com/api?timeout=32s\": dial tcp: lookup api-kops-karpenter-lab-k8-83gssq-9033202e50c92f33.elb.us-west-2.amazonaws.com: no such host"
E0901 18:00:00.858883   58525 memcache.go:265] "Unhandled Error" err="couldn't get current server API group list: Get \"https://api-kops-karpenter-lab-k8-83gssq-9033202e50c92f33.elb.us-west-2.amazonaws.com/api?timeout=32s\": dial tcp: lookup api-kops-karpenter-lab-k8-83gssq-9033202e50c92f33.elb.us-west-2.amazonaws.com: no such host"
E0901 18:00:00.860333   58525 memcache.go:265] "Unhandled Error" err="couldn't get current server API group list: Get \"https://api-kops-karpenter-lab-k8-83gssq-9033202e50c92f33.elb.us-west-2.amazonaws.com/api?timeout=32s\": dial tcp: lookup api-kops-karpenter-lab-k8-83gssq-9033202e50c92f33.elb.us-west-2.amazonaws.com: no such host"
E0901 18:00:00.861401   58525 memcache.go:265] "Unhandled Error" err="couldn't get current server API group list: Get \"https://api-kops-karpenter-lab-k8-83gssq-9033202e50c92f33.elb.us-west-2.amazonaws.com/api?timeout=32s\": dial tcp: lookup api-kops-karpenter-lab-k8-83gssq-9033202e50c92f33.elb.us-west-2.amazonaws.com: no such host"
E0901 18:00:00.861889   58525 memcache.go:265] "Unhandled Error" err="couldn't get current server API group list: Get \"https://api-kops-karpenter-lab-k8-83gssq-9033202e50c92f33.elb.us-west-2.amazonaws.com/api?timeout=32s\": dial tcp: lookup api-kops-karpenter-lab-k8-83gssq-9033202e50c92f33.elb.us-west-2.amazonaws.com: no such host"
Unable to connect to the server: dial tcp: lookup api-kops-karpenter-lab-k8-83gssq-9033202e50c92f33.elb.us-west-2.amazonaws.com: no such host
==> Watching for 5s...

[2026-09-01T15:00:00Z] tick

## Final snapshot after 5s
------------------------------------------------------------
E0901 18:00:06.127725   58692 memcache.go:265] "Unhandled Error" err="couldn't get current server API group list: Get \"https://api-kops-karpenter-lab-k8-83gssq-9033202e50c92f33.elb.us-west-2.amazonaws.com/api?timeout=32s\": dial tcp: lookup api-kops-karpenter-lab-k8-83gssq-9033202e50c92f33.elb.us-west-2.amazonaws.com: no such host"
E0901 18:00:06.128444   58692 memcache.go:265] "Unhandled Error" err="couldn't get current server API group list: Get \"https://api-kops-karpenter-lab-k8-83gssq-9033202e50c92f33.elb.us-west-2.amazonaws.com/api?timeout=32s\": dial tcp: lookup api-kops-karpenter-lab-k8-83gssq-9033202e50c92f33.elb.us-west-2.amazonaws.com: no such host"
E0901 18:00:06.129742   58692 memcache.go:265] "Unhandled Error" err="couldn't get current server API group list: Get \"https://api-kops-karpenter-lab-k8-83gssq-9033202e50c92f33.elb.us-west-2.amazonaws.com/api?timeout=32s\": dial tcp: lookup api-kops-karpenter-lab-k8-83gssq-9033202e50c92f33.elb.us-west-2.amazonaws.com: no such host"
E0901 18:00:06.130465   58692 memcache.go:265] "Unhandled Error" err="couldn't get current server API group list: Get \"https://api-kops-karpenter-lab-k8-83gssq-9033202e50c92f33.elb.us-west-2.amazonaws.com/api?timeout=32s\": dial tcp: lookup api-kops-karpenter-lab-k8-83gssq-9033202e50c92f33.elb.us-west-2.amazonaws.com: no such host"
E0901 18:00:06.131569   58692 memcache.go:265] "Unhandled Error" err="couldn't get current server API group list: Get \"https://api-kops-karpenter-lab-k8-83gssq-9033202e50c92f33.elb.us-west-2.amazonaws.com/api?timeout=32s\": dial tcp: lookup api-kops-karpenter-lab-k8-83gssq-9033202e50c92f33.elb.us-west-2.amazonaws.com: no such host"
Unable to connect to the server: dial tcp: lookup api-kops-karpenter-lab-k8-83gssq-9033202e50c92f33.elb.us-west-2.amazonaws.com: no such host
E0901 18:00:06.176261   58693 memcache.go:265] "Unhandled Error" err="couldn't get current server API group list: Get \"https://api-kops-karpenter-lab-k8-83gssq-9033202e50c92f33.elb.us-west-2.amazonaws.com/api?timeout=32s\": dial tcp: lookup api-kops-karpenter-lab-k8-83gssq-9033202e50c92f33.elb.us-west-2.amazonaws.com: no such host"
E0901 18:00:06.176779   58693 memcache.go:265] "Unhandled Error" err="couldn't get current server API group list: Get \"https://api-kops-karpenter-lab-k8-83gssq-9033202e50c92f33.elb.us-west-2.amazonaws.com/api?timeout=32s\": dial tcp: lookup api-kops-karpenter-lab-k8-83gssq-9033202e50c92f33.elb.us-west-2.amazonaws.com: no such host"
E0901 18:00:06.178292   58693 memcache.go:265] "Unhandled Error" err="couldn't get current server API group list: Get \"https://api-kops-karpenter-lab-k8-83gssq-9033202e50c92f33.elb.us-west-2.amazonaws.com/api?timeout=32s\": dial tcp: lookup api-kops-karpenter-lab-k8-83gssq-9033202e50c92f33.elb.us-west-2.amazonaws.com: no such host"
E0901 18:00:06.178717   58693 memcache.go:265] "Unhandled Error" err="couldn't get current server API group list: Get \"https://api-kops-karpenter-lab-k8-83gssq-9033202e50c92f33.elb.us-west-2.amazonaws.com/api?timeout=32s\": dial tcp: lookup api-kops-karpenter-lab-k8-83gssq-9033202e50c92f33.elb.us-west-2.amazonaws.com: no such host"
E0901 18:00:06.180139   58693 memcache.go:265] "Unhandled Error" err="couldn't get current server API group list: Get \"https://api-kops-karpenter-lab-k8-83gssq-9033202e50c92f33.elb.us-west-2.amazonaws.com/api?timeout=32s\": dial tcp: lookup api-kops-karpenter-lab-k8-83gssq-9033202e50c92f33.elb.us-west-2.amazonaws.com: no such host"
Unable to connect to the server: dial tcp: lookup api-kops-karpenter-lab-k8-83gssq-9033202e50c92f33.elb.us-west-2.amazonaws.com: no such host
E0901 18:00:06.222263   58694 memcache.go:265] "Unhandled Error" err="couldn't get current server API group list: Get \"https://api-kops-karpenter-lab-k8-83gssq-9033202e50c92f33.elb.us-west-2.amazonaws.com/api?timeout=32s\": dial tcp: lookup api-kops-karpenter-lab-k8-83gssq-9033202e50c92f33.elb.us-west-2.amazonaws.com: no such host"
E0901 18:00:06.222765   58694 memcache.go:265] "Unhandled Error" err="couldn't get current server API group list: Get \"https://api-kops-karpenter-lab-k8-83gssq-9033202e50c92f33.elb.us-west-2.amazonaws.com/api?timeout=32s\": dial tcp: lookup api-kops-karpenter-lab-k8-83gssq-9033202e50c92f33.elb.us-west-2.amazonaws.com: no such host"
E0901 18:00:06.224160   58694 memcache.go:265] "Unhandled Error" err="couldn't get current server API group list: Get \"https://api-kops-karpenter-lab-k8-83gssq-9033202e50c92f33.elb.us-west-2.amazonaws.com/api?timeout=32s\": dial tcp: lookup api-kops-karpenter-lab-k8-83gssq-9033202e50c92f33.elb.us-west-2.amazonaws.com: no such host"
E0901 18:00:06.224855   58694 memcache.go:265] "Unhandled Error" err="couldn't get current server API group list: Get \"https://api-kops-karpenter-lab-k8-83gssq-9033202e50c92f33.elb.us-west-2.amazonaws.com/api?timeout=32s\": dial tcp: lookup api-kops-karpenter-lab-k8-83gssq-9033202e50c92f33.elb.us-west-2.amazonaws.com: no such host"
E0901 18:00:06.225904   58694 memcache.go:265] "Unhandled Error" err="couldn't get current server API group list: Get \"https://api-kops-karpenter-lab-k8-83gssq-9033202e50c92f33.elb.us-west-2.amazonaws.com/api?timeout=32s\": dial tcp: lookup api-kops-karpenter-lab-k8-83gssq-9033202e50c92f33.elb.us-west-2.amazonaws.com: no such host"
Unable to connect to the server: dial tcp: lookup api-kops-karpenter-lab-k8-83gssq-9033202e50c92f33.elb.us-west-2.amazonaws.com: no such host
E0901 18:00:06.271766   58695 memcache.go:265] "Unhandled Error" err="couldn't get current server API group list: Get \"https://api-kops-karpenter-lab-k8-83gssq-9033202e50c92f33.elb.us-west-2.amazonaws.com/api?timeout=32s\": dial tcp: lookup api-kops-karpenter-lab-k8-83gssq-9033202e50c92f33.elb.us-west-2.amazonaws.com: no such host"
E0901 18:00:06.272521   58695 memcache.go:265] "Unhandled Error" err="couldn't get current server API group list: Get \"https://api-kops-karpenter-lab-k8-83gssq-9033202e50c92f33.elb.us-west-2.amazonaws.com/api?timeout=32s\": dial tcp: lookup api-kops-karpenter-lab-k8-83gssq-9033202e50c92f33.elb.us-west-2.amazonaws.com: no such host"
E0901 18:00:06.273387   58695 memcache.go:265] "Unhandled Error" err="couldn't get current server API group list: Get \"https://api-kops-karpenter-lab-k8-83gssq-9033202e50c92f33.elb.us-west-2.amazonaws.com/api?timeout=32s\": dial tcp: lookup api-kops-karpenter-lab-k8-83gssq-9033202e50c92f33.elb.us-west-2.amazonaws.com: no such host"
E0901 18:00:06.274001   58695 memcache.go:265] "Unhandled Error" err="couldn't get current server API group list: Get \"https://api-kops-karpenter-lab-k8-83gssq-9033202e50c92f33.elb.us-west-2.amazonaws.com/api?timeout=32s\": dial tcp: lookup api-kops-karpenter-lab-k8-83gssq-9033202e50c92f33.elb.us-west-2.amazonaws.com: no such host"
E0901 18:00:06.274844   58695 memcache.go:265] "Unhandled Error" err="couldn't get current server API group list: Get \"https://api-kops-karpenter-lab-k8-83gssq-9033202e50c92f33.elb.us-west-2.amazonaws.com/api?timeout=32s\": dial tcp: lookup api-kops-karpenter-lab-k8-83gssq-9033202e50c92f33.elb.us-west-2.amazonaws.com: no such host"
Unable to connect to the server: dial tcp: lookup api-kops-karpenter-lab-k8-83gssq-9033202e50c92f33.elb.us-west-2.amazonaws.com: no such host
E0901 18:00:06.317680   58699 memcache.go:265] "Unhandled Error" err="couldn't get current server API group list: Get \"https://api-kops-karpenter-lab-k8-83gssq-9033202e50c92f33.elb.us-west-2.amazonaws.com/api?timeout=32s\": dial tcp: lookup api-kops-karpenter-lab-k8-83gssq-9033202e50c92f33.elb.us-west-2.amazonaws.com: no such host"
E0901 18:00:06.318665   58699 memcache.go:265] "Unhandled Error" err="couldn't get current server API group list: Get \"https://api-kops-karpenter-lab-k8-83gssq-9033202e50c92f33.elb.us-west-2.amazonaws.com/api?timeout=32s\": dial tcp: lookup api-kops-karpenter-lab-k8-83gssq-9033202e50c92f33.elb.us-west-2.amazonaws.com: no such host"
E0901 18:00:06.319323   58699 memcache.go:265] "Unhandled Error" err="couldn't get current server API group list: Get \"https://api-kops-karpenter-lab-k8-83gssq-9033202e50c92f33.elb.us-west-2.amazonaws.com/api?timeout=32s\": dial tcp: lookup api-kops-karpenter-lab-k8-83gssq-9033202e50c92f33.elb.us-west-2.amazonaws.com: no such host"
E0901 18:00:06.320739   58699 memcache.go:265] "Unhandled Error" err="couldn't get current server API group list: Get \"https://api-kops-karpenter-lab-k8-83gssq-9033202e50c92f33.elb.us-west-2.amazonaws.com/api?timeout=32s\": dial tcp: lookup api-kops-karpenter-lab-k8-83gssq-9033202e50c92f33.elb.us-west-2.amazonaws.com: no such host"
E0901 18:00:06.321634   58699 memcache.go:265] "Unhandled Error" err="couldn't get current server API group list: Get \"https://api-kops-karpenter-lab-k8-83gssq-9033202e50c92f33.elb.us-west-2.amazonaws.com/api?timeout=32s\": dial tcp: lookup api-kops-karpenter-lab-k8-83gssq-9033202e50c92f33.elb.us-west-2.amazonaws.com: no such host"
Unable to connect to the server: dial tcp: lookup api-kops-karpenter-lab-k8-83gssq-9033202e50c92f33.elb.us-west-2.amazonaws.com: no such host

==> Done. Snapshot: /Users/eramadan/castai/labs/kops-karpenter/output/scenario-d.log
