kOps + Karpenter lab — scenario C: scale down + consolidation
Generated:  2026-09-01T14:59:54Z
Watch:      5 seconds
==> Logging to /Users/eramadan/castai/labs/kops-karpenter/output/scenario-c.log
Context:    kops-karpenter-lab.k8s.local
==> Using kubectl context: kops-karpenter-lab.k8s.local
==> Applying /Users/eramadan/castai/labs/kops-karpenter/manifests/inflate-workload.yaml
error: error validating "/Users/eramadan/castai/labs/kops-karpenter/manifests/inflate-workload.yaml": error validating data: failed to download openapi: Get "https://api-kops-karpenter-lab-k8-83gssq-9033202e50c92f33.elb.us-west-2.amazonaws.com/openapi/v2?timeout=32s": dial tcp: lookup api-kops-karpenter-lab-k8-83gssq-9033202e50c92f33.elb.us-west-2.amazonaws.com: no such host; if you choose to ignore these errors, turn validation off with --validate=false
error: error validating "/Users/eramadan/castai/labs/kops-karpenter/manifests/inflate-workload.yaml": error validating data: failed to download openapi: Get "https://api-kops-karpenter-lab-k8-83gssq-9033202e50c92f33.elb.us-west-2.amazonaws.com/openapi/v2?timeout=32s": dial tcp: lookup api-kops-karpenter-lab-k8-83gssq-9033202e50c92f33.elb.us-west-2.amazonaws.com: no such host; if you choose to ignore these errors, turn validation off with --validate=false
[!] kubectl apply failed; continuing so the log captures cluster state.
==> Scaling inflate to 1 replica
E0901 17:59:54.984859   58354 memcache.go:265] "Unhandled Error" err="couldn't get current server API group list: Get \"https://api-kops-karpenter-lab-k8-83gssq-9033202e50c92f33.elb.us-west-2.amazonaws.com/api?timeout=32s\": dial tcp: lookup api-kops-karpenter-lab-k8-83gssq-9033202e50c92f33.elb.us-west-2.amazonaws.com: no such host"
E0901 17:59:54.984859   58354 memcache.go:265] "Unhandled Error" err="couldn't get current server API group list: Get \"https://api-kops-karpenter-lab-k8-83gssq-9033202e50c92f33.elb.us-west-2.amazonaws.com/api?timeout=32s\": dial tcp: lookup api-kops-karpenter-lab-k8-83gssq-9033202e50c92f33.elb.us-west-2.amazonaws.com: no such host"
E0901 17:59:54.986225   58354 memcache.go:265] "Unhandled Error" err="couldn't get current server API group list: Get \"https://api-kops-karpenter-lab-k8-83gssq-9033202e50c92f33.elb.us-west-2.amazonaws.com/api?timeout=32s\": dial tcp: lookup api-kops-karpenter-lab-k8-83gssq-9033202e50c92f33.elb.us-west-2.amazonaws.com: no such host"
E0901 17:59:54.986225   58354 memcache.go:265] "Unhandled Error" err="couldn't get current server API group list: Get \"https://api-kops-karpenter-lab-k8-83gssq-9033202e50c92f33.elb.us-west-2.amazonaws.com/api?timeout=32s\": dial tcp: lookup api-kops-karpenter-lab-k8-83gssq-9033202e50c92f33.elb.us-west-2.amazonaws.com: no such host"
E0901 17:59:54.986761   58354 memcache.go:265] "Unhandled Error" err="couldn't get current server API group list: Get \"https://api-kops-karpenter-lab-k8-83gssq-9033202e50c92f33.elb.us-west-2.amazonaws.com/api?timeout=32s\": dial tcp: lookup api-kops-karpenter-lab-k8-83gssq-9033202e50c92f33.elb.us-west-2.amazonaws.com: no such host"
E0901 17:59:54.986761   58354 memcache.go:265] "Unhandled Error" err="couldn't get current server API group list: Get \"https://api-kops-karpenter-lab-k8-83gssq-9033202e50c92f33.elb.us-west-2.amazonaws.com/api?timeout=32s\": dial tcp: lookup api-kops-karpenter-lab-k8-83gssq-9033202e50c92f33.elb.us-west-2.amazonaws.com: no such host"
E0901 17:59:54.987735   58354 memcache.go:265] "Unhandled Error" err="couldn't get current server API group list: Get \"https://api-kops-karpenter-lab-k8-83gssq-9033202e50c92f33.elb.us-west-2.amazonaws.com/api?timeout=32s\": dial tcp: lookup api-kops-karpenter-lab-k8-83gssq-9033202e50c92f33.elb.us-west-2.amazonaws.com: no such host"
E0901 17:59:54.987735   58354 memcache.go:265] "Unhandled Error" err="couldn't get current server API group list: Get \"https://api-kops-karpenter-lab-k8-83gssq-9033202e50c92f33.elb.us-west-2.amazonaws.com/api?timeout=32s\": dial tcp: lookup api-kops-karpenter-lab-k8-83gssq-9033202e50c92f33.elb.us-west-2.amazonaws.com: no such host"
Unable to connect to the server: dial tcp: lookup api-kops-karpenter-lab-k8-83gssq-9033202e50c92f33.elb.us-west-2.amazonaws.com: no such host
Unable to connect to the server: dial tcp: lookup api-kops-karpenter-lab-k8-83gssq-9033202e50c92f33.elb.us-west-2.amazonaws.com: no such host
[!] kubectl scale failed; continuing so the log captures cluster state.

## Pre-watch snapshot
------------------------------------------------------------
E0901 17:59:55.021046   58357 memcache.go:265] "Unhandled Error" err="couldn't get current server API group list: Get \"https://api-kops-karpenter-lab-k8-83gssq-9033202e50c92f33.elb.us-west-2.amazonaws.com/api?timeout=32s\": dial tcp: lookup api-kops-karpenter-lab-k8-83gssq-9033202e50c92f33.elb.us-west-2.amazonaws.com: no such host"
E0901 17:59:55.021755   58357 memcache.go:265] "Unhandled Error" err="couldn't get current server API group list: Get \"https://api-kops-karpenter-lab-k8-83gssq-9033202e50c92f33.elb.us-west-2.amazonaws.com/api?timeout=32s\": dial tcp: lookup api-kops-karpenter-lab-k8-83gssq-9033202e50c92f33.elb.us-west-2.amazonaws.com: no such host"
E0901 17:59:55.022614   58357 memcache.go:265] "Unhandled Error" err="couldn't get current server API group list: Get \"https://api-kops-karpenter-lab-k8-83gssq-9033202e50c92f33.elb.us-west-2.amazonaws.com/api?timeout=32s\": dial tcp: lookup api-kops-karpenter-lab-k8-83gssq-9033202e50c92f33.elb.us-west-2.amazonaws.com: no such host"
E0901 17:59:55.023183   58357 memcache.go:265] "Unhandled Error" err="couldn't get current server API group list: Get \"https://api-kops-karpenter-lab-k8-83gssq-9033202e50c92f33.elb.us-west-2.amazonaws.com/api?timeout=32s\": dial tcp: lookup api-kops-karpenter-lab-k8-83gssq-9033202e50c92f33.elb.us-west-2.amazonaws.com: no such host"
E0901 17:59:55.024002   58357 memcache.go:265] "Unhandled Error" err="couldn't get current server API group list: Get \"https://api-kops-karpenter-lab-k8-83gssq-9033202e50c92f33.elb.us-west-2.amazonaws.com/api?timeout=32s\": dial tcp: lookup api-kops-karpenter-lab-k8-83gssq-9033202e50c92f33.elb.us-west-2.amazonaws.com: no such host"
Unable to connect to the server: dial tcp: lookup api-kops-karpenter-lab-k8-83gssq-9033202e50c92f33.elb.us-west-2.amazonaws.com: no such host
E0901 17:59:55.062463   58358 memcache.go:265] "Unhandled Error" err="couldn't get current server API group list: Get \"https://api-kops-karpenter-lab-k8-83gssq-9033202e50c92f33.elb.us-west-2.amazonaws.com/api?timeout=32s\": dial tcp: lookup api-kops-karpenter-lab-k8-83gssq-9033202e50c92f33.elb.us-west-2.amazonaws.com: no such host"
E0901 17:59:55.063440   58358 memcache.go:265] "Unhandled Error" err="couldn't get current server API group list: Get \"https://api-kops-karpenter-lab-k8-83gssq-9033202e50c92f33.elb.us-west-2.amazonaws.com/api?timeout=32s\": dial tcp: lookup api-kops-karpenter-lab-k8-83gssq-9033202e50c92f33.elb.us-west-2.amazonaws.com: no such host"
E0901 17:59:55.064082   58358 memcache.go:265] "Unhandled Error" err="couldn't get current server API group list: Get \"https://api-kops-karpenter-lab-k8-83gssq-9033202e50c92f33.elb.us-west-2.amazonaws.com/api?timeout=32s\": dial tcp: lookup api-kops-karpenter-lab-k8-83gssq-9033202e50c92f33.elb.us-west-2.amazonaws.com: no such host"
E0901 17:59:55.064952   58358 memcache.go:265] "Unhandled Error" err="couldn't get current server API group list: Get \"https://api-kops-karpenter-lab-k8-83gssq-9033202e50c92f33.elb.us-west-2.amazonaws.com/api?timeout=32s\": dial tcp: lookup api-kops-karpenter-lab-k8-83gssq-9033202e50c92f33.elb.us-west-2.amazonaws.com: no such host"
E0901 17:59:55.065477   58358 memcache.go:265] "Unhandled Error" err="couldn't get current server API group list: Get \"https://api-kops-karpenter-lab-k8-83gssq-9033202e50c92f33.elb.us-west-2.amazonaws.com/api?timeout=32s\": dial tcp: lookup api-kops-karpenter-lab-k8-83gssq-9033202e50c92f33.elb.us-west-2.amazonaws.com: no such host"
Unable to connect to the server: dial tcp: lookup api-kops-karpenter-lab-k8-83gssq-9033202e50c92f33.elb.us-west-2.amazonaws.com: no such host
E0901 17:59:55.108028   58359 memcache.go:265] "Unhandled Error" err="couldn't get current server API group list: Get \"https://api-kops-karpenter-lab-k8-83gssq-9033202e50c92f33.elb.us-west-2.amazonaws.com/api?timeout=32s\": dial tcp: lookup api-kops-karpenter-lab-k8-83gssq-9033202e50c92f33.elb.us-west-2.amazonaws.com: no such host"
E0901 17:59:55.108482   58359 memcache.go:265] "Unhandled Error" err="couldn't get current server API group list: Get \"https://api-kops-karpenter-lab-k8-83gssq-9033202e50c92f33.elb.us-west-2.amazonaws.com/api?timeout=32s\": dial tcp: lookup api-kops-karpenter-lab-k8-83gssq-9033202e50c92f33.elb.us-west-2.amazonaws.com: no such host"
E0901 17:59:55.109689   58359 memcache.go:265] "Unhandled Error" err="couldn't get current server API group list: Get \"https://api-kops-karpenter-lab-k8-83gssq-9033202e50c92f33.elb.us-west-2.amazonaws.com/api?timeout=32s\": dial tcp: lookup api-kops-karpenter-lab-k8-83gssq-9033202e50c92f33.elb.us-west-2.amazonaws.com: no such host"
E0901 17:59:55.110102   58359 memcache.go:265] "Unhandled Error" err="couldn't get current server API group list: Get \"https://api-kops-karpenter-lab-k8-83gssq-9033202e50c92f33.elb.us-west-2.amazonaws.com/api?timeout=32s\": dial tcp: lookup api-kops-karpenter-lab-k8-83gssq-9033202e50c92f33.elb.us-west-2.amazonaws.com: no such host"
E0901 17:59:55.111564   58359 memcache.go:265] "Unhandled Error" err="couldn't get current server API group list: Get \"https://api-kops-karpenter-lab-k8-83gssq-9033202e50c92f33.elb.us-west-2.amazonaws.com/api?timeout=32s\": dial tcp: lookup api-kops-karpenter-lab-k8-83gssq-9033202e50c92f33.elb.us-west-2.amazonaws.com: no such host"
Unable to connect to the server: dial tcp: lookup api-kops-karpenter-lab-k8-83gssq-9033202e50c92f33.elb.us-west-2.amazonaws.com: no such host
==> Watching for 5s...

[2026-09-01T14:59:55Z] tick

## Final snapshot after 5s
------------------------------------------------------------
E0901 18:00:00.395005   58484 memcache.go:265] "Unhandled Error" err="couldn't get current server API group list: Get \"https://api-kops-karpenter-lab-k8-83gssq-9033202e50c92f33.elb.us-west-2.amazonaws.com/api?timeout=32s\": dial tcp: lookup api-kops-karpenter-lab-k8-83gssq-9033202e50c92f33.elb.us-west-2.amazonaws.com: no such host"
E0901 18:00:00.395613   58484 memcache.go:265] "Unhandled Error" err="couldn't get current server API group list: Get \"https://api-kops-karpenter-lab-k8-83gssq-9033202e50c92f33.elb.us-west-2.amazonaws.com/api?timeout=32s\": dial tcp: lookup api-kops-karpenter-lab-k8-83gssq-9033202e50c92f33.elb.us-west-2.amazonaws.com: no such host"
E0901 18:00:00.396634   58484 memcache.go:265] "Unhandled Error" err="couldn't get current server API group list: Get \"https://api-kops-karpenter-lab-k8-83gssq-9033202e50c92f33.elb.us-west-2.amazonaws.com/api?timeout=32s\": dial tcp: lookup api-kops-karpenter-lab-k8-83gssq-9033202e50c92f33.elb.us-west-2.amazonaws.com: no such host"
E0901 18:00:00.397186   58484 memcache.go:265] "Unhandled Error" err="couldn't get current server API group list: Get \"https://api-kops-karpenter-lab-k8-83gssq-9033202e50c92f33.elb.us-west-2.amazonaws.com/api?timeout=32s\": dial tcp: lookup api-kops-karpenter-lab-k8-83gssq-9033202e50c92f33.elb.us-west-2.amazonaws.com: no such host"
E0901 18:00:00.398097   58484 memcache.go:265] "Unhandled Error" err="couldn't get current server API group list: Get \"https://api-kops-karpenter-lab-k8-83gssq-9033202e50c92f33.elb.us-west-2.amazonaws.com/api?timeout=32s\": dial tcp: lookup api-kops-karpenter-lab-k8-83gssq-9033202e50c92f33.elb.us-west-2.amazonaws.com: no such host"
Unable to connect to the server: dial tcp: lookup api-kops-karpenter-lab-k8-83gssq-9033202e50c92f33.elb.us-west-2.amazonaws.com: no such host
E0901 18:00:00.437654   58486 memcache.go:265] "Unhandled Error" err="couldn't get current server API group list: Get \"https://api-kops-karpenter-lab-k8-83gssq-9033202e50c92f33.elb.us-west-2.amazonaws.com/api?timeout=32s\": dial tcp: lookup api-kops-karpenter-lab-k8-83gssq-9033202e50c92f33.elb.us-west-2.amazonaws.com: no such host"
E0901 18:00:00.438367   58486 memcache.go:265] "Unhandled Error" err="couldn't get current server API group list: Get \"https://api-kops-karpenter-lab-k8-83gssq-9033202e50c92f33.elb.us-west-2.amazonaws.com/api?timeout=32s\": dial tcp: lookup api-kops-karpenter-lab-k8-83gssq-9033202e50c92f33.elb.us-west-2.amazonaws.com: no such host"
E0901 18:00:00.439346   58486 memcache.go:265] "Unhandled Error" err="couldn't get current server API group list: Get \"https://api-kops-karpenter-lab-k8-83gssq-9033202e50c92f33.elb.us-west-2.amazonaws.com/api?timeout=32s\": dial tcp: lookup api-kops-karpenter-lab-k8-83gssq-9033202e50c92f33.elb.us-west-2.amazonaws.com: no such host"
E0901 18:00:00.439913   58486 memcache.go:265] "Unhandled Error" err="couldn't get current server API group list: Get \"https://api-kops-karpenter-lab-k8-83gssq-9033202e50c92f33.elb.us-west-2.amazonaws.com/api?timeout=32s\": dial tcp: lookup api-kops-karpenter-lab-k8-83gssq-9033202e50c92f33.elb.us-west-2.amazonaws.com: no such host"
E0901 18:00:00.440848   58486 memcache.go:265] "Unhandled Error" err="couldn't get current server API group list: Get \"https://api-kops-karpenter-lab-k8-83gssq-9033202e50c92f33.elb.us-west-2.amazonaws.com/api?timeout=32s\": dial tcp: lookup api-kops-karpenter-lab-k8-83gssq-9033202e50c92f33.elb.us-west-2.amazonaws.com: no such host"
Unable to connect to the server: dial tcp: lookup api-kops-karpenter-lab-k8-83gssq-9033202e50c92f33.elb.us-west-2.amazonaws.com: no such host
E0901 18:00:00.481886   58487 memcache.go:265] "Unhandled Error" err="couldn't get current server API group list: Get \"https://api-kops-karpenter-lab-k8-83gssq-9033202e50c92f33.elb.us-west-2.amazonaws.com/api?timeout=32s\": dial tcp: lookup api-kops-karpenter-lab-k8-83gssq-9033202e50c92f33.elb.us-west-2.amazonaws.com: no such host"
E0901 18:00:00.482256   58487 memcache.go:265] "Unhandled Error" err="couldn't get current server API group list: Get \"https://api-kops-karpenter-lab-k8-83gssq-9033202e50c92f33.elb.us-west-2.amazonaws.com/api?timeout=32s\": dial tcp: lookup api-kops-karpenter-lab-k8-83gssq-9033202e50c92f33.elb.us-west-2.amazonaws.com: no such host"
E0901 18:00:00.483526   58487 memcache.go:265] "Unhandled Error" err="couldn't get current server API group list: Get \"https://api-kops-karpenter-lab-k8-83gssq-9033202e50c92f33.elb.us-west-2.amazonaws.com/api?timeout=32s\": dial tcp: lookup api-kops-karpenter-lab-k8-83gssq-9033202e50c92f33.elb.us-west-2.amazonaws.com: no such host"
E0901 18:00:00.484392   58487 memcache.go:265] "Unhandled Error" err="couldn't get current server API group list: Get \"https://api-kops-karpenter-lab-k8-83gssq-9033202e50c92f33.elb.us-west-2.amazonaws.com/api?timeout=32s\": dial tcp: lookup api-kops-karpenter-lab-k8-83gssq-9033202e50c92f33.elb.us-west-2.amazonaws.com: no such host"
E0901 18:00:00.486424   58487 memcache.go:265] "Unhandled Error" err="couldn't get current server API group list: Get \"https://api-kops-karpenter-lab-k8-83gssq-9033202e50c92f33.elb.us-west-2.amazonaws.com/api?timeout=32s\": dial tcp: lookup api-kops-karpenter-lab-k8-83gssq-9033202e50c92f33.elb.us-west-2.amazonaws.com: no such host"
Unable to connect to the server: dial tcp: lookup api-kops-karpenter-lab-k8-83gssq-9033202e50c92f33.elb.us-west-2.amazonaws.com: no such host
E0901 18:00:00.527979   58490 memcache.go:265] "Unhandled Error" err="couldn't get current server API group list: Get \"https://api-kops-karpenter-lab-k8-83gssq-9033202e50c92f33.elb.us-west-2.amazonaws.com/api?timeout=32s\": dial tcp: lookup api-kops-karpenter-lab-k8-83gssq-9033202e50c92f33.elb.us-west-2.amazonaws.com: no such host"
E0901 18:00:00.528672   58490 memcache.go:265] "Unhandled Error" err="couldn't get current server API group list: Get \"https://api-kops-karpenter-lab-k8-83gssq-9033202e50c92f33.elb.us-west-2.amazonaws.com/api?timeout=32s\": dial tcp: lookup api-kops-karpenter-lab-k8-83gssq-9033202e50c92f33.elb.us-west-2.amazonaws.com: no such host"
E0901 18:00:00.529807   58490 memcache.go:265] "Unhandled Error" err="couldn't get current server API group list: Get \"https://api-kops-karpenter-lab-k8-83gssq-9033202e50c92f33.elb.us-west-2.amazonaws.com/api?timeout=32s\": dial tcp: lookup api-kops-karpenter-lab-k8-83gssq-9033202e50c92f33.elb.us-west-2.amazonaws.com: no such host"
E0901 18:00:00.530481   58490 memcache.go:265] "Unhandled Error" err="couldn't get current server API group list: Get \"https://api-kops-karpenter-lab-k8-83gssq-9033202e50c92f33.elb.us-west-2.amazonaws.com/api?timeout=32s\": dial tcp: lookup api-kops-karpenter-lab-k8-83gssq-9033202e50c92f33.elb.us-west-2.amazonaws.com: no such host"
E0901 18:00:00.531591   58490 memcache.go:265] "Unhandled Error" err="couldn't get current server API group list: Get \"https://api-kops-karpenter-lab-k8-83gssq-9033202e50c92f33.elb.us-west-2.amazonaws.com/api?timeout=32s\": dial tcp: lookup api-kops-karpenter-lab-k8-83gssq-9033202e50c92f33.elb.us-west-2.amazonaws.com: no such host"
Unable to connect to the server: dial tcp: lookup api-kops-karpenter-lab-k8-83gssq-9033202e50c92f33.elb.us-west-2.amazonaws.com: no such host

==> Done. Snapshot: /Users/eramadan/castai/labs/kops-karpenter/output/scenario-c.log
