kOps + Karpenter lab — scenario B: scale up to 15 replicas
Generated:  2026-09-01T14:59:49Z
Watch:      5 seconds
==> Logging to /Users/eramadan/castai/labs/kops-karpenter/output/scenario-b.log
Context:    kops-karpenter-lab.k8s.local
==> Using kubectl context: kops-karpenter-lab.k8s.local
==> Applying /Users/eramadan/castai/labs/kops-karpenter/manifests/inflate-workload.yaml
error: error validating "/Users/eramadan/castai/labs/kops-karpenter/manifests/inflate-workload.yaml": error validating data: failed to download openapi: Get "https://api-kops-karpenter-lab-k8-83gssq-9033202e50c92f33.elb.us-west-2.amazonaws.com/openapi/v2?timeout=32s": dial tcp: lookup api-kops-karpenter-lab-k8-83gssq-9033202e50c92f33.elb.us-west-2.amazonaws.com: no such host; if you choose to ignore these errors, turn validation off with --validate=false
error: error validating "/Users/eramadan/castai/labs/kops-karpenter/manifests/inflate-workload.yaml": error validating data: failed to download openapi: Get "https://api-kops-karpenter-lab-k8-83gssq-9033202e50c92f33.elb.us-west-2.amazonaws.com/openapi/v2?timeout=32s": dial tcp: lookup api-kops-karpenter-lab-k8-83gssq-9033202e50c92f33.elb.us-west-2.amazonaws.com: no such host; if you choose to ignore these errors, turn validation off with --validate=false
[!] kubectl apply failed; continuing so the log captures cluster state.
==> Scaling inflate to 15 replicas
E0901 17:59:49.304887   58183 memcache.go:265] "Unhandled Error" err="couldn't get current server API group list: Get \"https://api-kops-karpenter-lab-k8-83gssq-9033202e50c92f33.elb.us-west-2.amazonaws.com/api?timeout=32s\": dial tcp: lookup api-kops-karpenter-lab-k8-83gssq-9033202e50c92f33.elb.us-west-2.amazonaws.com: no such host"
E0901 17:59:49.304887   58183 memcache.go:265] "Unhandled Error" err="couldn't get current server API group list: Get \"https://api-kops-karpenter-lab-k8-83gssq-9033202e50c92f33.elb.us-west-2.amazonaws.com/api?timeout=32s\": dial tcp: lookup api-kops-karpenter-lab-k8-83gssq-9033202e50c92f33.elb.us-west-2.amazonaws.com: no such host"
E0901 17:59:49.305575   58183 memcache.go:265] "Unhandled Error" err="couldn't get current server API group list: Get \"https://api-kops-karpenter-lab-k8-83gssq-9033202e50c92f33.elb.us-west-2.amazonaws.com/api?timeout=32s\": dial tcp: lookup api-kops-karpenter-lab-k8-83gssq-9033202e50c92f33.elb.us-west-2.amazonaws.com: no such host"
E0901 17:59:49.305575   58183 memcache.go:265] "Unhandled Error" err="couldn't get current server API group list: Get \"https://api-kops-karpenter-lab-k8-83gssq-9033202e50c92f33.elb.us-west-2.amazonaws.com/api?timeout=32s\": dial tcp: lookup api-kops-karpenter-lab-k8-83gssq-9033202e50c92f33.elb.us-west-2.amazonaws.com: no such host"
E0901 17:59:49.306620   58183 memcache.go:265] "Unhandled Error" err="couldn't get current server API group list: Get \"https://api-kops-karpenter-lab-k8-83gssq-9033202e50c92f33.elb.us-west-2.amazonaws.com/api?timeout=32s\": dial tcp: lookup api-kops-karpenter-lab-k8-83gssq-9033202e50c92f33.elb.us-west-2.amazonaws.com: no such host"
E0901 17:59:49.306620   58183 memcache.go:265] "Unhandled Error" err="couldn't get current server API group list: Get \"https://api-kops-karpenter-lab-k8-83gssq-9033202e50c92f33.elb.us-west-2.amazonaws.com/api?timeout=32s\": dial tcp: lookup api-kops-karpenter-lab-k8-83gssq-9033202e50c92f33.elb.us-west-2.amazonaws.com: no such host"
E0901 17:59:49.307000   58183 memcache.go:265] "Unhandled Error" err="couldn't get current server API group list: Get \"https://api-kops-karpenter-lab-k8-83gssq-9033202e50c92f33.elb.us-west-2.amazonaws.com/api?timeout=32s\": dial tcp: lookup api-kops-karpenter-lab-k8-83gssq-9033202e50c92f33.elb.us-west-2.amazonaws.com: no such host"
E0901 17:59:49.307000   58183 memcache.go:265] "Unhandled Error" err="couldn't get current server API group list: Get \"https://api-kops-karpenter-lab-k8-83gssq-9033202e50c92f33.elb.us-west-2.amazonaws.com/api?timeout=32s\": dial tcp: lookup api-kops-karpenter-lab-k8-83gssq-9033202e50c92f33.elb.us-west-2.amazonaws.com: no such host"
Unable to connect to the server: dial tcp: lookup api-kops-karpenter-lab-k8-83gssq-9033202e50c92f33.elb.us-west-2.amazonaws.com: no such host
Unable to connect to the server: dial tcp: lookup api-kops-karpenter-lab-k8-83gssq-9033202e50c92f33.elb.us-west-2.amazonaws.com: no such host
[!] kubectl scale failed; continuing so the log captures cluster state.

## Pre-watch snapshot
------------------------------------------------------------
E0901 17:59:49.348410   58185 memcache.go:265] "Unhandled Error" err="couldn't get current server API group list: Get \"https://api-kops-karpenter-lab-k8-83gssq-9033202e50c92f33.elb.us-west-2.amazonaws.com/api?timeout=32s\": dial tcp: lookup api-kops-karpenter-lab-k8-83gssq-9033202e50c92f33.elb.us-west-2.amazonaws.com: no such host"
E0901 17:59:49.348826   58185 memcache.go:265] "Unhandled Error" err="couldn't get current server API group list: Get \"https://api-kops-karpenter-lab-k8-83gssq-9033202e50c92f33.elb.us-west-2.amazonaws.com/api?timeout=32s\": dial tcp: lookup api-kops-karpenter-lab-k8-83gssq-9033202e50c92f33.elb.us-west-2.amazonaws.com: no such host"
E0901 17:59:49.349965   58185 memcache.go:265] "Unhandled Error" err="couldn't get current server API group list: Get \"https://api-kops-karpenter-lab-k8-83gssq-9033202e50c92f33.elb.us-west-2.amazonaws.com/api?timeout=32s\": dial tcp: lookup api-kops-karpenter-lab-k8-83gssq-9033202e50c92f33.elb.us-west-2.amazonaws.com: no such host"
E0901 17:59:49.350466   58185 memcache.go:265] "Unhandled Error" err="couldn't get current server API group list: Get \"https://api-kops-karpenter-lab-k8-83gssq-9033202e50c92f33.elb.us-west-2.amazonaws.com/api?timeout=32s\": dial tcp: lookup api-kops-karpenter-lab-k8-83gssq-9033202e50c92f33.elb.us-west-2.amazonaws.com: no such host"
E0901 17:59:49.352441   58185 memcache.go:265] "Unhandled Error" err="couldn't get current server API group list: Get \"https://api-kops-karpenter-lab-k8-83gssq-9033202e50c92f33.elb.us-west-2.amazonaws.com/api?timeout=32s\": dial tcp: lookup api-kops-karpenter-lab-k8-83gssq-9033202e50c92f33.elb.us-west-2.amazonaws.com: no such host"
Unable to connect to the server: dial tcp: lookup api-kops-karpenter-lab-k8-83gssq-9033202e50c92f33.elb.us-west-2.amazonaws.com: no such host
E0901 17:59:49.394560   58186 memcache.go:265] "Unhandled Error" err="couldn't get current server API group list: Get \"https://api-kops-karpenter-lab-k8-83gssq-9033202e50c92f33.elb.us-west-2.amazonaws.com/api?timeout=32s\": dial tcp: lookup api-kops-karpenter-lab-k8-83gssq-9033202e50c92f33.elb.us-west-2.amazonaws.com: no such host"
E0901 17:59:49.395945   58186 memcache.go:265] "Unhandled Error" err="couldn't get current server API group list: Get \"https://api-kops-karpenter-lab-k8-83gssq-9033202e50c92f33.elb.us-west-2.amazonaws.com/api?timeout=32s\": dial tcp: lookup api-kops-karpenter-lab-k8-83gssq-9033202e50c92f33.elb.us-west-2.amazonaws.com: no such host"
E0901 17:59:49.396827   58186 memcache.go:265] "Unhandled Error" err="couldn't get current server API group list: Get \"https://api-kops-karpenter-lab-k8-83gssq-9033202e50c92f33.elb.us-west-2.amazonaws.com/api?timeout=32s\": dial tcp: lookup api-kops-karpenter-lab-k8-83gssq-9033202e50c92f33.elb.us-west-2.amazonaws.com: no such host"
E0901 17:59:49.397794   58186 memcache.go:265] "Unhandled Error" err="couldn't get current server API group list: Get \"https://api-kops-karpenter-lab-k8-83gssq-9033202e50c92f33.elb.us-west-2.amazonaws.com/api?timeout=32s\": dial tcp: lookup api-kops-karpenter-lab-k8-83gssq-9033202e50c92f33.elb.us-west-2.amazonaws.com: no such host"
E0901 17:59:49.398213   58186 memcache.go:265] "Unhandled Error" err="couldn't get current server API group list: Get \"https://api-kops-karpenter-lab-k8-83gssq-9033202e50c92f33.elb.us-west-2.amazonaws.com/api?timeout=32s\": dial tcp: lookup api-kops-karpenter-lab-k8-83gssq-9033202e50c92f33.elb.us-west-2.amazonaws.com: no such host"
Unable to connect to the server: dial tcp: lookup api-kops-karpenter-lab-k8-83gssq-9033202e50c92f33.elb.us-west-2.amazonaws.com: no such host
E0901 17:59:49.439640   58187 memcache.go:265] "Unhandled Error" err="couldn't get current server API group list: Get \"https://api-kops-karpenter-lab-k8-83gssq-9033202e50c92f33.elb.us-west-2.amazonaws.com/api?timeout=32s\": dial tcp: lookup api-kops-karpenter-lab-k8-83gssq-9033202e50c92f33.elb.us-west-2.amazonaws.com: no such host"
E0901 17:59:49.440197   58187 memcache.go:265] "Unhandled Error" err="couldn't get current server API group list: Get \"https://api-kops-karpenter-lab-k8-83gssq-9033202e50c92f33.elb.us-west-2.amazonaws.com/api?timeout=32s\": dial tcp: lookup api-kops-karpenter-lab-k8-83gssq-9033202e50c92f33.elb.us-west-2.amazonaws.com: no such host"
E0901 17:59:49.441186   58187 memcache.go:265] "Unhandled Error" err="couldn't get current server API group list: Get \"https://api-kops-karpenter-lab-k8-83gssq-9033202e50c92f33.elb.us-west-2.amazonaws.com/api?timeout=32s\": dial tcp: lookup api-kops-karpenter-lab-k8-83gssq-9033202e50c92f33.elb.us-west-2.amazonaws.com: no such host"
E0901 17:59:49.441572   58187 memcache.go:265] "Unhandled Error" err="couldn't get current server API group list: Get \"https://api-kops-karpenter-lab-k8-83gssq-9033202e50c92f33.elb.us-west-2.amazonaws.com/api?timeout=32s\": dial tcp: lookup api-kops-karpenter-lab-k8-83gssq-9033202e50c92f33.elb.us-west-2.amazonaws.com: no such host"
E0901 17:59:49.442764   58187 memcache.go:265] "Unhandled Error" err="couldn't get current server API group list: Get \"https://api-kops-karpenter-lab-k8-83gssq-9033202e50c92f33.elb.us-west-2.amazonaws.com/api?timeout=32s\": dial tcp: lookup api-kops-karpenter-lab-k8-83gssq-9033202e50c92f33.elb.us-west-2.amazonaws.com: no such host"
Unable to connect to the server: dial tcp: lookup api-kops-karpenter-lab-k8-83gssq-9033202e50c92f33.elb.us-west-2.amazonaws.com: no such host
==> Watching for 5s...

[2026-09-01T14:59:49Z] tick

## Final snapshot after 5s
------------------------------------------------------------
E0901 17:59:54.656133   58316 memcache.go:265] "Unhandled Error" err="couldn't get current server API group list: Get \"https://api-kops-karpenter-lab-k8-83gssq-9033202e50c92f33.elb.us-west-2.amazonaws.com/api?timeout=32s\": dial tcp: lookup api-kops-karpenter-lab-k8-83gssq-9033202e50c92f33.elb.us-west-2.amazonaws.com: no such host"
E0901 17:59:54.656956   58316 memcache.go:265] "Unhandled Error" err="couldn't get current server API group list: Get \"https://api-kops-karpenter-lab-k8-83gssq-9033202e50c92f33.elb.us-west-2.amazonaws.com/api?timeout=32s\": dial tcp: lookup api-kops-karpenter-lab-k8-83gssq-9033202e50c92f33.elb.us-west-2.amazonaws.com: no such host"
E0901 17:59:54.657865   58316 memcache.go:265] "Unhandled Error" err="couldn't get current server API group list: Get \"https://api-kops-karpenter-lab-k8-83gssq-9033202e50c92f33.elb.us-west-2.amazonaws.com/api?timeout=32s\": dial tcp: lookup api-kops-karpenter-lab-k8-83gssq-9033202e50c92f33.elb.us-west-2.amazonaws.com: no such host"
E0901 17:59:54.658382   58316 memcache.go:265] "Unhandled Error" err="couldn't get current server API group list: Get \"https://api-kops-karpenter-lab-k8-83gssq-9033202e50c92f33.elb.us-west-2.amazonaws.com/api?timeout=32s\": dial tcp: lookup api-kops-karpenter-lab-k8-83gssq-9033202e50c92f33.elb.us-west-2.amazonaws.com: no such host"
E0901 17:59:54.659349   58316 memcache.go:265] "Unhandled Error" err="couldn't get current server API group list: Get \"https://api-kops-karpenter-lab-k8-83gssq-9033202e50c92f33.elb.us-west-2.amazonaws.com/api?timeout=32s\": dial tcp: lookup api-kops-karpenter-lab-k8-83gssq-9033202e50c92f33.elb.us-west-2.amazonaws.com: no such host"
Unable to connect to the server: dial tcp: lookup api-kops-karpenter-lab-k8-83gssq-9033202e50c92f33.elb.us-west-2.amazonaws.com: no such host
E0901 17:59:54.715026   58317 memcache.go:265] "Unhandled Error" err="couldn't get current server API group list: Get \"https://api-kops-karpenter-lab-k8-83gssq-9033202e50c92f33.elb.us-west-2.amazonaws.com/api?timeout=32s\": dial tcp: lookup api-kops-karpenter-lab-k8-83gssq-9033202e50c92f33.elb.us-west-2.amazonaws.com: no such host"
E0901 17:59:54.715645   58317 memcache.go:265] "Unhandled Error" err="couldn't get current server API group list: Get \"https://api-kops-karpenter-lab-k8-83gssq-9033202e50c92f33.elb.us-west-2.amazonaws.com/api?timeout=32s\": dial tcp: lookup api-kops-karpenter-lab-k8-83gssq-9033202e50c92f33.elb.us-west-2.amazonaws.com: no such host"
E0901 17:59:54.716603   58317 memcache.go:265] "Unhandled Error" err="couldn't get current server API group list: Get \"https://api-kops-karpenter-lab-k8-83gssq-9033202e50c92f33.elb.us-west-2.amazonaws.com/api?timeout=32s\": dial tcp: lookup api-kops-karpenter-lab-k8-83gssq-9033202e50c92f33.elb.us-west-2.amazonaws.com: no such host"
E0901 17:59:54.717073   58317 memcache.go:265] "Unhandled Error" err="couldn't get current server API group list: Get \"https://api-kops-karpenter-lab-k8-83gssq-9033202e50c92f33.elb.us-west-2.amazonaws.com/api?timeout=32s\": dial tcp: lookup api-kops-karpenter-lab-k8-83gssq-9033202e50c92f33.elb.us-west-2.amazonaws.com: no such host"
E0901 17:59:54.718114   58317 memcache.go:265] "Unhandled Error" err="couldn't get current server API group list: Get \"https://api-kops-karpenter-lab-k8-83gssq-9033202e50c92f33.elb.us-west-2.amazonaws.com/api?timeout=32s\": dial tcp: lookup api-kops-karpenter-lab-k8-83gssq-9033202e50c92f33.elb.us-west-2.amazonaws.com: no such host"
Unable to connect to the server: dial tcp: lookup api-kops-karpenter-lab-k8-83gssq-9033202e50c92f33.elb.us-west-2.amazonaws.com: no such host
E0901 17:59:54.755779   58331 memcache.go:265] "Unhandled Error" err="couldn't get current server API group list: Get \"https://api-kops-karpenter-lab-k8-83gssq-9033202e50c92f33.elb.us-west-2.amazonaws.com/api?timeout=32s\": dial tcp: lookup api-kops-karpenter-lab-k8-83gssq-9033202e50c92f33.elb.us-west-2.amazonaws.com: no such host"
E0901 17:59:54.756967   58331 memcache.go:265] "Unhandled Error" err="couldn't get current server API group list: Get \"https://api-kops-karpenter-lab-k8-83gssq-9033202e50c92f33.elb.us-west-2.amazonaws.com/api?timeout=32s\": dial tcp: lookup api-kops-karpenter-lab-k8-83gssq-9033202e50c92f33.elb.us-west-2.amazonaws.com: no such host"
E0901 17:59:54.757982   58331 memcache.go:265] "Unhandled Error" err="couldn't get current server API group list: Get \"https://api-kops-karpenter-lab-k8-83gssq-9033202e50c92f33.elb.us-west-2.amazonaws.com/api?timeout=32s\": dial tcp: lookup api-kops-karpenter-lab-k8-83gssq-9033202e50c92f33.elb.us-west-2.amazonaws.com: no such host"
E0901 17:59:54.758738   58331 memcache.go:265] "Unhandled Error" err="couldn't get current server API group list: Get \"https://api-kops-karpenter-lab-k8-83gssq-9033202e50c92f33.elb.us-west-2.amazonaws.com/api?timeout=32s\": dial tcp: lookup api-kops-karpenter-lab-k8-83gssq-9033202e50c92f33.elb.us-west-2.amazonaws.com: no such host"
E0901 17:59:54.759567   58331 memcache.go:265] "Unhandled Error" err="couldn't get current server API group list: Get \"https://api-kops-karpenter-lab-k8-83gssq-9033202e50c92f33.elb.us-west-2.amazonaws.com/api?timeout=32s\": dial tcp: lookup api-kops-karpenter-lab-k8-83gssq-9033202e50c92f33.elb.us-west-2.amazonaws.com: no such host"
Unable to connect to the server: dial tcp: lookup api-kops-karpenter-lab-k8-83gssq-9033202e50c92f33.elb.us-west-2.amazonaws.com: no such host
E0901 17:59:54.796255   58332 memcache.go:265] "Unhandled Error" err="couldn't get current server API group list: Get \"https://api-kops-karpenter-lab-k8-83gssq-9033202e50c92f33.elb.us-west-2.amazonaws.com/api?timeout=32s\": dial tcp: lookup api-kops-karpenter-lab-k8-83gssq-9033202e50c92f33.elb.us-west-2.amazonaws.com: no such host"
E0901 17:59:54.796892   58332 memcache.go:265] "Unhandled Error" err="couldn't get current server API group list: Get \"https://api-kops-karpenter-lab-k8-83gssq-9033202e50c92f33.elb.us-west-2.amazonaws.com/api?timeout=32s\": dial tcp: lookup api-kops-karpenter-lab-k8-83gssq-9033202e50c92f33.elb.us-west-2.amazonaws.com: no such host"
E0901 17:59:54.798306   58332 memcache.go:265] "Unhandled Error" err="couldn't get current server API group list: Get \"https://api-kops-karpenter-lab-k8-83gssq-9033202e50c92f33.elb.us-west-2.amazonaws.com/api?timeout=32s\": dial tcp: lookup api-kops-karpenter-lab-k8-83gssq-9033202e50c92f33.elb.us-west-2.amazonaws.com: no such host"
E0901 17:59:54.798771   58332 memcache.go:265] "Unhandled Error" err="couldn't get current server API group list: Get \"https://api-kops-karpenter-lab-k8-83gssq-9033202e50c92f33.elb.us-west-2.amazonaws.com/api?timeout=32s\": dial tcp: lookup api-kops-karpenter-lab-k8-83gssq-9033202e50c92f33.elb.us-west-2.amazonaws.com: no such host"
E0901 17:59:54.800392   58332 memcache.go:265] "Unhandled Error" err="couldn't get current server API group list: Get \"https://api-kops-karpenter-lab-k8-83gssq-9033202e50c92f33.elb.us-west-2.amazonaws.com/api?timeout=32s\": dial tcp: lookup api-kops-karpenter-lab-k8-83gssq-9033202e50c92f33.elb.us-west-2.amazonaws.com: no such host"
Unable to connect to the server: dial tcp: lookup api-kops-karpenter-lab-k8-83gssq-9033202e50c92f33.elb.us-west-2.amazonaws.com: no such host

==> Done. Snapshot: /Users/eramadan/castai/labs/kops-karpenter/output/scenario-b.log
