kOps + Karpenter lab — scenario E: spot capacity
Generated:  2026-09-01T15:00:06Z
Watch:      5 seconds
Capacity:   spot only (karpenter.sh/capacity-type=spot)
==> Logging to /Users/eramadan/castai/labs/kops-karpenter/output/scenario-e.log
Context:    kops-karpenter-lab.k8s.local
==> Using kubectl context: kops-karpenter-lab.k8s.local
==> Deleting any previous inflate-spot Deployment (idempotency)
E0901 18:00:06.514470   58725 memcache.go:265] "Unhandled Error" err="couldn't get current server API group list: Get \"https://api-kops-karpenter-lab-k8-83gssq-9033202e50c92f33.elb.us-west-2.amazonaws.com/api?timeout=32s\": dial tcp: lookup api-kops-karpenter-lab-k8-83gssq-9033202e50c92f33.elb.us-west-2.amazonaws.com: no such host"
E0901 18:00:06.514470   58725 memcache.go:265] "Unhandled Error" err="couldn't get current server API group list: Get \"https://api-kops-karpenter-lab-k8-83gssq-9033202e50c92f33.elb.us-west-2.amazonaws.com/api?timeout=32s\": dial tcp: lookup api-kops-karpenter-lab-k8-83gssq-9033202e50c92f33.elb.us-west-2.amazonaws.com: no such host"
E0901 18:00:06.515344   58725 memcache.go:265] "Unhandled Error" err="couldn't get current server API group list: Get \"https://api-kops-karpenter-lab-k8-83gssq-9033202e50c92f33.elb.us-west-2.amazonaws.com/api?timeout=32s\": dial tcp: lookup api-kops-karpenter-lab-k8-83gssq-9033202e50c92f33.elb.us-west-2.amazonaws.com: no such host"
E0901 18:00:06.515344   58725 memcache.go:265] "Unhandled Error" err="couldn't get current server API group list: Get \"https://api-kops-karpenter-lab-k8-83gssq-9033202e50c92f33.elb.us-west-2.amazonaws.com/api?timeout=32s\": dial tcp: lookup api-kops-karpenter-lab-k8-83gssq-9033202e50c92f33.elb.us-west-2.amazonaws.com: no such host"
E0901 18:00:06.516245   58725 memcache.go:265] "Unhandled Error" err="couldn't get current server API group list: Get \"https://api-kops-karpenter-lab-k8-83gssq-9033202e50c92f33.elb.us-west-2.amazonaws.com/api?timeout=32s\": dial tcp: lookup api-kops-karpenter-lab-k8-83gssq-9033202e50c92f33.elb.us-west-2.amazonaws.com: no such host"
E0901 18:00:06.516245   58725 memcache.go:265] "Unhandled Error" err="couldn't get current server API group list: Get \"https://api-kops-karpenter-lab-k8-83gssq-9033202e50c92f33.elb.us-west-2.amazonaws.com/api?timeout=32s\": dial tcp: lookup api-kops-karpenter-lab-k8-83gssq-9033202e50c92f33.elb.us-west-2.amazonaws.com: no such host"
E0901 18:00:06.516719   58725 memcache.go:265] "Unhandled Error" err="couldn't get current server API group list: Get \"https://api-kops-karpenter-lab-k8-83gssq-9033202e50c92f33.elb.us-west-2.amazonaws.com/api?timeout=32s\": dial tcp: lookup api-kops-karpenter-lab-k8-83gssq-9033202e50c92f33.elb.us-west-2.amazonaws.com: no such host"
E0901 18:00:06.516719   58725 memcache.go:265] "Unhandled Error" err="couldn't get current server API group list: Get \"https://api-kops-karpenter-lab-k8-83gssq-9033202e50c92f33.elb.us-west-2.amazonaws.com/api?timeout=32s\": dial tcp: lookup api-kops-karpenter-lab-k8-83gssq-9033202e50c92f33.elb.us-west-2.amazonaws.com: no such host"
E0901 18:00:06.517964   58725 memcache.go:265] "Unhandled Error" err="couldn't get current server API group list: Get \"https://api-kops-karpenter-lab-k8-83gssq-9033202e50c92f33.elb.us-west-2.amazonaws.com/api?timeout=32s\": dial tcp: lookup api-kops-karpenter-lab-k8-83gssq-9033202e50c92f33.elb.us-west-2.amazonaws.com: no such host"
E0901 18:00:06.517964   58725 memcache.go:265] "Unhandled Error" err="couldn't get current server API group list: Get \"https://api-kops-karpenter-lab-k8-83gssq-9033202e50c92f33.elb.us-west-2.amazonaws.com/api?timeout=32s\": dial tcp: lookup api-kops-karpenter-lab-k8-83gssq-9033202e50c92f33.elb.us-west-2.amazonaws.com: no such host"
Unable to connect to the server: dial tcp: lookup api-kops-karpenter-lab-k8-83gssq-9033202e50c92f33.elb.us-west-2.amazonaws.com: no such host
Unable to connect to the server: dial tcp: lookup api-kops-karpenter-lab-k8-83gssq-9033202e50c92f33.elb.us-west-2.amazonaws.com: no such host
==> Applying /var/folders/6f/d1t0_mk542lbwrztssz2rcdh0000gp/T/scenario-e-XXXXXX.yaml.RZfcnCwtaI
error: error validating "/var/folders/6f/d1t0_mk542lbwrztssz2rcdh0000gp/T/scenario-e-XXXXXX.yaml.RZfcnCwtaI": error validating data: failed to download openapi: Get "https://api-kops-karpenter-lab-k8-83gssq-9033202e50c92f33.elb.us-west-2.amazonaws.com/openapi/v2?timeout=32s": dial tcp: lookup api-kops-karpenter-lab-k8-83gssq-9033202e50c92f33.elb.us-west-2.amazonaws.com: no such host; if you choose to ignore these errors, turn validation off with --validate=false
error: error validating "/var/folders/6f/d1t0_mk542lbwrztssz2rcdh0000gp/T/scenario-e-XXXXXX.yaml.RZfcnCwtaI": error validating data: failed to download openapi: Get "https://api-kops-karpenter-lab-k8-83gssq-9033202e50c92f33.elb.us-west-2.amazonaws.com/openapi/v2?timeout=32s": dial tcp: lookup api-kops-karpenter-lab-k8-83gssq-9033202e50c92f33.elb.us-west-2.amazonaws.com: no such host; if you choose to ignore these errors, turn validation off with --validate=false
[!] kubectl apply failed; continuing so the log captures cluster state.

## Pre-watch snapshot
------------------------------------------------------------
E0901 18:00:06.594954   58729 memcache.go:265] "Unhandled Error" err="couldn't get current server API group list: Get \"https://api-kops-karpenter-lab-k8-83gssq-9033202e50c92f33.elb.us-west-2.amazonaws.com/api?timeout=32s\": dial tcp: lookup api-kops-karpenter-lab-k8-83gssq-9033202e50c92f33.elb.us-west-2.amazonaws.com: no such host"
E0901 18:00:06.596134   58729 memcache.go:265] "Unhandled Error" err="couldn't get current server API group list: Get \"https://api-kops-karpenter-lab-k8-83gssq-9033202e50c92f33.elb.us-west-2.amazonaws.com/api?timeout=32s\": dial tcp: lookup api-kops-karpenter-lab-k8-83gssq-9033202e50c92f33.elb.us-west-2.amazonaws.com: no such host"
E0901 18:00:06.596870   58729 memcache.go:265] "Unhandled Error" err="couldn't get current server API group list: Get \"https://api-kops-karpenter-lab-k8-83gssq-9033202e50c92f33.elb.us-west-2.amazonaws.com/api?timeout=32s\": dial tcp: lookup api-kops-karpenter-lab-k8-83gssq-9033202e50c92f33.elb.us-west-2.amazonaws.com: no such host"
E0901 18:00:06.598104   58729 memcache.go:265] "Unhandled Error" err="couldn't get current server API group list: Get \"https://api-kops-karpenter-lab-k8-83gssq-9033202e50c92f33.elb.us-west-2.amazonaws.com/api?timeout=32s\": dial tcp: lookup api-kops-karpenter-lab-k8-83gssq-9033202e50c92f33.elb.us-west-2.amazonaws.com: no such host"
E0901 18:00:06.598488   58729 memcache.go:265] "Unhandled Error" err="couldn't get current server API group list: Get \"https://api-kops-karpenter-lab-k8-83gssq-9033202e50c92f33.elb.us-west-2.amazonaws.com/api?timeout=32s\": dial tcp: lookup api-kops-karpenter-lab-k8-83gssq-9033202e50c92f33.elb.us-west-2.amazonaws.com: no such host"
Unable to connect to the server: dial tcp: lookup api-kops-karpenter-lab-k8-83gssq-9033202e50c92f33.elb.us-west-2.amazonaws.com: no such host
E0901 18:00:06.638840   58730 memcache.go:265] "Unhandled Error" err="couldn't get current server API group list: Get \"https://api-kops-karpenter-lab-k8-83gssq-9033202e50c92f33.elb.us-west-2.amazonaws.com/api?timeout=32s\": dial tcp: lookup api-kops-karpenter-lab-k8-83gssq-9033202e50c92f33.elb.us-west-2.amazonaws.com: no such host"
E0901 18:00:06.639798   58730 memcache.go:265] "Unhandled Error" err="couldn't get current server API group list: Get \"https://api-kops-karpenter-lab-k8-83gssq-9033202e50c92f33.elb.us-west-2.amazonaws.com/api?timeout=32s\": dial tcp: lookup api-kops-karpenter-lab-k8-83gssq-9033202e50c92f33.elb.us-west-2.amazonaws.com: no such host"
E0901 18:00:06.640249   58730 memcache.go:265] "Unhandled Error" err="couldn't get current server API group list: Get \"https://api-kops-karpenter-lab-k8-83gssq-9033202e50c92f33.elb.us-west-2.amazonaws.com/api?timeout=32s\": dial tcp: lookup api-kops-karpenter-lab-k8-83gssq-9033202e50c92f33.elb.us-west-2.amazonaws.com: no such host"
E0901 18:00:06.641582   58730 memcache.go:265] "Unhandled Error" err="couldn't get current server API group list: Get \"https://api-kops-karpenter-lab-k8-83gssq-9033202e50c92f33.elb.us-west-2.amazonaws.com/api?timeout=32s\": dial tcp: lookup api-kops-karpenter-lab-k8-83gssq-9033202e50c92f33.elb.us-west-2.amazonaws.com: no such host"
E0901 18:00:06.642400   58730 memcache.go:265] "Unhandled Error" err="couldn't get current server API group list: Get \"https://api-kops-karpenter-lab-k8-83gssq-9033202e50c92f33.elb.us-west-2.amazonaws.com/api?timeout=32s\": dial tcp: lookup api-kops-karpenter-lab-k8-83gssq-9033202e50c92f33.elb.us-west-2.amazonaws.com: no such host"
Unable to connect to the server: dial tcp: lookup api-kops-karpenter-lab-k8-83gssq-9033202e50c92f33.elb.us-west-2.amazonaws.com: no such host
E0901 18:00:06.681369   58731 memcache.go:265] "Unhandled Error" err="couldn't get current server API group list: Get \"https://api-kops-karpenter-lab-k8-83gssq-9033202e50c92f33.elb.us-west-2.amazonaws.com/api?timeout=32s\": dial tcp: lookup api-kops-karpenter-lab-k8-83gssq-9033202e50c92f33.elb.us-west-2.amazonaws.com: no such host"
E0901 18:00:06.682165   58731 memcache.go:265] "Unhandled Error" err="couldn't get current server API group list: Get \"https://api-kops-karpenter-lab-k8-83gssq-9033202e50c92f33.elb.us-west-2.amazonaws.com/api?timeout=32s\": dial tcp: lookup api-kops-karpenter-lab-k8-83gssq-9033202e50c92f33.elb.us-west-2.amazonaws.com: no such host"
E0901 18:00:06.683165   58731 memcache.go:265] "Unhandled Error" err="couldn't get current server API group list: Get \"https://api-kops-karpenter-lab-k8-83gssq-9033202e50c92f33.elb.us-west-2.amazonaws.com/api?timeout=32s\": dial tcp: lookup api-kops-karpenter-lab-k8-83gssq-9033202e50c92f33.elb.us-west-2.amazonaws.com: no such host"
E0901 18:00:06.684109   58731 memcache.go:265] "Unhandled Error" err="couldn't get current server API group list: Get \"https://api-kops-karpenter-lab-k8-83gssq-9033202e50c92f33.elb.us-west-2.amazonaws.com/api?timeout=32s\": dial tcp: lookup api-kops-karpenter-lab-k8-83gssq-9033202e50c92f33.elb.us-west-2.amazonaws.com: no such host"
E0901 18:00:06.684679   58731 memcache.go:265] "Unhandled Error" err="couldn't get current server API group list: Get \"https://api-kops-karpenter-lab-k8-83gssq-9033202e50c92f33.elb.us-west-2.amazonaws.com/api?timeout=32s\": dial tcp: lookup api-kops-karpenter-lab-k8-83gssq-9033202e50c92f33.elb.us-west-2.amazonaws.com: no such host"
Unable to connect to the server: dial tcp: lookup api-kops-karpenter-lab-k8-83gssq-9033202e50c92f33.elb.us-west-2.amazonaws.com: no such host
==> Watching for 5s...

[2026-09-01T15:00:06Z] tick

## Final snapshot after 5s
------------------------------------------------------------
E0901 18:00:11.983761   58867 memcache.go:265] "Unhandled Error" err="couldn't get current server API group list: Get \"https://api-kops-karpenter-lab-k8-83gssq-9033202e50c92f33.elb.us-west-2.amazonaws.com/api?timeout=32s\": dial tcp: lookup api-kops-karpenter-lab-k8-83gssq-9033202e50c92f33.elb.us-west-2.amazonaws.com: no such host"
E0901 18:00:11.984544   58867 memcache.go:265] "Unhandled Error" err="couldn't get current server API group list: Get \"https://api-kops-karpenter-lab-k8-83gssq-9033202e50c92f33.elb.us-west-2.amazonaws.com/api?timeout=32s\": dial tcp: lookup api-kops-karpenter-lab-k8-83gssq-9033202e50c92f33.elb.us-west-2.amazonaws.com: no such host"
E0901 18:00:11.985379   58867 memcache.go:265] "Unhandled Error" err="couldn't get current server API group list: Get \"https://api-kops-karpenter-lab-k8-83gssq-9033202e50c92f33.elb.us-west-2.amazonaws.com/api?timeout=32s\": dial tcp: lookup api-kops-karpenter-lab-k8-83gssq-9033202e50c92f33.elb.us-west-2.amazonaws.com: no such host"
E0901 18:00:11.986771   58867 memcache.go:265] "Unhandled Error" err="couldn't get current server API group list: Get \"https://api-kops-karpenter-lab-k8-83gssq-9033202e50c92f33.elb.us-west-2.amazonaws.com/api?timeout=32s\": dial tcp: lookup api-kops-karpenter-lab-k8-83gssq-9033202e50c92f33.elb.us-west-2.amazonaws.com: no such host"
E0901 18:00:11.987242   58867 memcache.go:265] "Unhandled Error" err="couldn't get current server API group list: Get \"https://api-kops-karpenter-lab-k8-83gssq-9033202e50c92f33.elb.us-west-2.amazonaws.com/api?timeout=32s\": dial tcp: lookup api-kops-karpenter-lab-k8-83gssq-9033202e50c92f33.elb.us-west-2.amazonaws.com: no such host"
Unable to connect to the server: dial tcp: lookup api-kops-karpenter-lab-k8-83gssq-9033202e50c92f33.elb.us-west-2.amazonaws.com: no such host
E0901 18:00:12.025217   58872 memcache.go:265] "Unhandled Error" err="couldn't get current server API group list: Get \"https://api-kops-karpenter-lab-k8-83gssq-9033202e50c92f33.elb.us-west-2.amazonaws.com/api?timeout=32s\": dial tcp: lookup api-kops-karpenter-lab-k8-83gssq-9033202e50c92f33.elb.us-west-2.amazonaws.com: no such host"
E0901 18:00:12.025746   58872 memcache.go:265] "Unhandled Error" err="couldn't get current server API group list: Get \"https://api-kops-karpenter-lab-k8-83gssq-9033202e50c92f33.elb.us-west-2.amazonaws.com/api?timeout=32s\": dial tcp: lookup api-kops-karpenter-lab-k8-83gssq-9033202e50c92f33.elb.us-west-2.amazonaws.com: no such host"
E0901 18:00:12.026880   58872 memcache.go:265] "Unhandled Error" err="couldn't get current server API group list: Get \"https://api-kops-karpenter-lab-k8-83gssq-9033202e50c92f33.elb.us-west-2.amazonaws.com/api?timeout=32s\": dial tcp: lookup api-kops-karpenter-lab-k8-83gssq-9033202e50c92f33.elb.us-west-2.amazonaws.com: no such host"
E0901 18:00:12.027851   58872 memcache.go:265] "Unhandled Error" err="couldn't get current server API group list: Get \"https://api-kops-karpenter-lab-k8-83gssq-9033202e50c92f33.elb.us-west-2.amazonaws.com/api?timeout=32s\": dial tcp: lookup api-kops-karpenter-lab-k8-83gssq-9033202e50c92f33.elb.us-west-2.amazonaws.com: no such host"
E0901 18:00:12.028404   58872 memcache.go:265] "Unhandled Error" err="couldn't get current server API group list: Get \"https://api-kops-karpenter-lab-k8-83gssq-9033202e50c92f33.elb.us-west-2.amazonaws.com/api?timeout=32s\": dial tcp: lookup api-kops-karpenter-lab-k8-83gssq-9033202e50c92f33.elb.us-west-2.amazonaws.com: no such host"
Unable to connect to the server: dial tcp: lookup api-kops-karpenter-lab-k8-83gssq-9033202e50c92f33.elb.us-west-2.amazonaws.com: no such host
E0901 18:00:12.066426   58873 memcache.go:265] "Unhandled Error" err="couldn't get current server API group list: Get \"https://api-kops-karpenter-lab-k8-83gssq-9033202e50c92f33.elb.us-west-2.amazonaws.com/api?timeout=32s\": dial tcp: lookup api-kops-karpenter-lab-k8-83gssq-9033202e50c92f33.elb.us-west-2.amazonaws.com: no such host"
E0901 18:00:12.067009   58873 memcache.go:265] "Unhandled Error" err="couldn't get current server API group list: Get \"https://api-kops-karpenter-lab-k8-83gssq-9033202e50c92f33.elb.us-west-2.amazonaws.com/api?timeout=32s\": dial tcp: lookup api-kops-karpenter-lab-k8-83gssq-9033202e50c92f33.elb.us-west-2.amazonaws.com: no such host"
E0901 18:00:12.068143   58873 memcache.go:265] "Unhandled Error" err="couldn't get current server API group list: Get \"https://api-kops-karpenter-lab-k8-83gssq-9033202e50c92f33.elb.us-west-2.amazonaws.com/api?timeout=32s\": dial tcp: lookup api-kops-karpenter-lab-k8-83gssq-9033202e50c92f33.elb.us-west-2.amazonaws.com: no such host"
E0901 18:00:12.068958   58873 memcache.go:265] "Unhandled Error" err="couldn't get current server API group list: Get \"https://api-kops-karpenter-lab-k8-83gssq-9033202e50c92f33.elb.us-west-2.amazonaws.com/api?timeout=32s\": dial tcp: lookup api-kops-karpenter-lab-k8-83gssq-9033202e50c92f33.elb.us-west-2.amazonaws.com: no such host"
E0901 18:00:12.069843   58873 memcache.go:265] "Unhandled Error" err="couldn't get current server API group list: Get \"https://api-kops-karpenter-lab-k8-83gssq-9033202e50c92f33.elb.us-west-2.amazonaws.com/api?timeout=32s\": dial tcp: lookup api-kops-karpenter-lab-k8-83gssq-9033202e50c92f33.elb.us-west-2.amazonaws.com: no such host"
Unable to connect to the server: dial tcp: lookup api-kops-karpenter-lab-k8-83gssq-9033202e50c92f33.elb.us-west-2.amazonaws.com: no such host
E0901 18:00:12.102417   58880 memcache.go:265] "Unhandled Error" err="couldn't get current server API group list: Get \"https://api-kops-karpenter-lab-k8-83gssq-9033202e50c92f33.elb.us-west-2.amazonaws.com/api?timeout=32s\": dial tcp: lookup api-kops-karpenter-lab-k8-83gssq-9033202e50c92f33.elb.us-west-2.amazonaws.com: no such host"
E0901 18:00:12.103090   58880 memcache.go:265] "Unhandled Error" err="couldn't get current server API group list: Get \"https://api-kops-karpenter-lab-k8-83gssq-9033202e50c92f33.elb.us-west-2.amazonaws.com/api?timeout=32s\": dial tcp: lookup api-kops-karpenter-lab-k8-83gssq-9033202e50c92f33.elb.us-west-2.amazonaws.com: no such host"
E0901 18:00:12.104109   58880 memcache.go:265] "Unhandled Error" err="couldn't get current server API group list: Get \"https://api-kops-karpenter-lab-k8-83gssq-9033202e50c92f33.elb.us-west-2.amazonaws.com/api?timeout=32s\": dial tcp: lookup api-kops-karpenter-lab-k8-83gssq-9033202e50c92f33.elb.us-west-2.amazonaws.com: no such host"
E0901 18:00:12.104751   58880 memcache.go:265] "Unhandled Error" err="couldn't get current server API group list: Get \"https://api-kops-karpenter-lab-k8-83gssq-9033202e50c92f33.elb.us-west-2.amazonaws.com/api?timeout=32s\": dial tcp: lookup api-kops-karpenter-lab-k8-83gssq-9033202e50c92f33.elb.us-west-2.amazonaws.com: no such host"
E0901 18:00:12.105945   58880 memcache.go:265] "Unhandled Error" err="couldn't get current server API group list: Get \"https://api-kops-karpenter-lab-k8-83gssq-9033202e50c92f33.elb.us-west-2.amazonaws.com/api?timeout=32s\": dial tcp: lookup api-kops-karpenter-lab-k8-83gssq-9033202e50c92f33.elb.us-west-2.amazonaws.com: no such host"
Unable to connect to the server: dial tcp: lookup api-kops-karpenter-lab-k8-83gssq-9033202e50c92f33.elb.us-west-2.amazonaws.com: no such host
E0901 18:00:12.136868   58887 memcache.go:265] "Unhandled Error" err="couldn't get current server API group list: Get \"https://api-kops-karpenter-lab-k8-83gssq-9033202e50c92f33.elb.us-west-2.amazonaws.com/api?timeout=32s\": dial tcp: lookup api-kops-karpenter-lab-k8-83gssq-9033202e50c92f33.elb.us-west-2.amazonaws.com: no such host"
E0901 18:00:12.137519   58887 memcache.go:265] "Unhandled Error" err="couldn't get current server API group list: Get \"https://api-kops-karpenter-lab-k8-83gssq-9033202e50c92f33.elb.us-west-2.amazonaws.com/api?timeout=32s\": dial tcp: lookup api-kops-karpenter-lab-k8-83gssq-9033202e50c92f33.elb.us-west-2.amazonaws.com: no such host"
E0901 18:00:12.138323   58887 memcache.go:265] "Unhandled Error" err="couldn't get current server API group list: Get \"https://api-kops-karpenter-lab-k8-83gssq-9033202e50c92f33.elb.us-west-2.amazonaws.com/api?timeout=32s\": dial tcp: lookup api-kops-karpenter-lab-k8-83gssq-9033202e50c92f33.elb.us-west-2.amazonaws.com: no such host"
E0901 18:00:12.138968   58887 memcache.go:265] "Unhandled Error" err="couldn't get current server API group list: Get \"https://api-kops-karpenter-lab-k8-83gssq-9033202e50c92f33.elb.us-west-2.amazonaws.com/api?timeout=32s\": dial tcp: lookup api-kops-karpenter-lab-k8-83gssq-9033202e50c92f33.elb.us-west-2.amazonaws.com: no such host"
E0901 18:00:12.139761   58887 memcache.go:265] "Unhandled Error" err="couldn't get current server API group list: Get \"https://api-kops-karpenter-lab-k8-83gssq-9033202e50c92f33.elb.us-west-2.amazonaws.com/api?timeout=32s\": dial tcp: lookup api-kops-karpenter-lab-k8-83gssq-9033202e50c92f33.elb.us-west-2.amazonaws.com: no such host"
Unable to connect to the server: dial tcp: lookup api-kops-karpenter-lab-k8-83gssq-9033202e50c92f33.elb.us-west-2.amazonaws.com: no such host

==> Done. Snapshot: /Users/eramadan/castai/labs/kops-karpenter/output/scenario-e.log
